This is pdfTeX, Version 3.141592653-2.6-1.40.28 (MiKTeX 25.12) (preloaded format=pdflatex 2026.5.2)  4 MAY 2026 16:24
entering extended mode
 restricted \write18 enabled.
 %&-line parsing enabled.
**./report_main.tex
(report_main.tex
LaTeX2e <2025-11-01>
L3 programming layer <2025-12-24>

(C:\Users\nuobe\AppData\Local\Programs\MiKTeX\tex/latex/extsizes\extarticle.cls
Document Class: extarticle 1996/10/08 v1.0 Non Standard LaTeX document class
(C:\Users\nuobe\AppData\Local\Programs\MiKTeX\tex/latex/extsizes\size14.clo
File: size14.clo 1999/11/11 v1.4a NON-Standard LaTeX file (size option)
)
(C:\Users\nuobe\AppData\Local\Programs\MiKTeX\tex/latex/base\exscale.sty
Package: exscale 2025/06/05 v2.1i Standard LaTeX package exscale
LaTeX Font Info:    Redeclaring symbol font `largesymbols' on input line 57.
LaTeX Font Info:    Overwriting symbol font `largesymbols' in version `normal'
(Font)                  OMX/cmex/m/n --> OMX/cmex/m/n on input line 57.
LaTeX Font Info:    Overwriting symbol font `largesymbols' in version `bold'
(Font)                  OMX/cmex/m/n --> OMX/cmex/m/n on input line 57.
\big@size=\dimen148
)
\c@part=\count275
\c@section=\count276
\c@subsection=\count277
\c@subsubsection=\count278
\c@paragraph=\count279
\c@subparagraph=\count280
\c@figure=\count281
\c@table=\count282
\abovecaptionskip=\skip49
\belowcaptionskip=\skip50
\bibindent=\dimen149
)
(C:\Users\nuobe\AppData\Local\Programs\MiKTeX\tex/latex/geometry\geometry.sty
Package: geometry 2026/03/07 v6.0 Page Geometry

(C:\Users\nuobe\AppData\Local\Programs\MiKTeX\tex/latex/graphics\keyval.sty
Package: keyval 2022/05/29 v1.15 key=value parser (DPC)
\KV@toks@=\toks17
)
(C:\Users\nuobe\AppData\Local\Programs\MiKTeX\tex/generic/iftex\ifvtex.sty
Package: ifvtex 2019/10/25 v1.7 ifvtex legacy package. Use iftex instead.

(C:\Users\nuobe\AppData\Local\Programs\MiKTeX\tex/generic/iftex\iftex.sty
Package: iftex 2024/12/12 v1.0g TeX engine tests
))
\Gm@cnth=\count283
\Gm@cntv=\count284
\c@Gm@tempcnt=\count285
\Gm@bindingoffset=\dimen150
\Gm@wd@mp=\dimen151
\Gm@odd@mp=\dimen152
\Gm@even@mp=\dimen153
\Gm@layoutwidth=\dimen154
\Gm@layoutheight=\dimen155
\Gm@layouthoffset=\dimen156
\Gm@layoutvoffset=\dimen157
\Gm@dimlist=\toks18

(C:\Users\nuobe\AppData\Local\Programs\MiKTeX\tex/latex/geometry\geometry.cfg))
(C:\Users\nuobe\AppData\Local\Programs\MiKTeX\tex/latex/setspace\setspace.sty
Package: setspace 2022/12/04 v6.7b set line spacing
)
(C:\Users\nuobe\AppData\Local\Programs\MiKTeX\tex/latex/psnfss\mathptmx.sty
Package: mathptmx 2020/03/25 PSNFSS-v9.3 Times w/ Math, improved (SPQR, WaS) 
LaTeX Font Info:    Redeclaring symbol font `operators' on input line 28.
LaTeX Font Info:    Overwriting symbol font `operators' in version `normal'
(Font)                  OT1/cmr/m/n --> OT1/ztmcm/m/n on input line 28.
LaTeX Font Info:    Overwriting symbol font `operators' in version `bold'
(Font)                  OT1/cmr/bx/n --> OT1/ztmcm/m/n on input line 28.
LaTeX Font Info:    Redeclaring symbol font `letters' on input line 29.
LaTeX Font Info:    Overwriting symbol font `letters' in version `normal'
(Font)                  OML/cmm/m/it --> OML/ztmcm/m/it on input line 29.
LaTeX Font Info:    Overwriting symbol font `letters' in version `bold'
(Font)                  OML/cmm/b/it --> OML/ztmcm/m/it on input line 29.
LaTeX Font Info:    Redeclaring symbol font `symbols' on input line 30.
LaTeX Font Info:    Overwriting symbol font `symbols' in version `normal'
(Font)                  OMS/cmsy/m/n --> OMS/ztmcm/m/n on input line 30.
LaTeX Font Info:    Overwriting symbol font `symbols' in version `bold'
(Font)                  OMS/cmsy/b/n --> OMS/ztmcm/m/n on input line 30.
LaTeX Font Info:    Redeclaring symbol font `largesymbols' on input line 31.
LaTeX Font Info:    Overwriting symbol font `largesymbols' in version `normal'
(Font)                  OMX/cmex/m/n --> OMX/ztmcm/m/n on input line 31.
LaTeX Font Info:    Overwriting symbol font `largesymbols' in version `bold'
(Font)                  OMX/cmex/m/n --> OMX/ztmcm/m/n on input line 31.
\symbold=\mathgroup4
\symitalic=\mathgroup5
LaTeX Font Info:    Redeclaring math alphabet \mathbf on input line 34.
LaTeX Font Info:    Overwriting math alphabet `\mathbf' in version `normal'
(Font)                  OT1/cmr/bx/n --> OT1/ptm/bx/n on input line 34.
LaTeX Font Info:    Overwriting math alphabet `\mathbf' in version `bold'
(Font)                  OT1/cmr/bx/n --> OT1/ptm/bx/n on input line 34.
LaTeX Font Info:    Redeclaring math alphabet \mathit on input line 35.
LaTeX Font Info:    Overwriting math alphabet `\mathit' in version `normal'
(Font)                  OT1/cmr/m/it --> OT1/ptm/m/it on input line 35.
LaTeX Font Info:    Overwriting math alphabet `\mathit' in version `bold'
(Font)                  OT1/cmr/bx/it --> OT1/ptm/m/it on input line 35.
LaTeX Info: Redefining \hbar on input line 50.
)
(C:\Users\nuobe\AppData\Local\Programs\MiKTeX\tex/latex/base\fontenc.sty
Package: fontenc 2025/07/18 v2.1d Standard LaTeX package
LaTeX Font Info:    Trying to load font information for OT1+ptm on input line 1
16.

(C:\Users\nuobe\AppData\Local\Programs\MiKTeX\tex/latex/psnfss\ot1ptm.fd
File: ot1ptm.fd 2001/06/04 font definitions for OT1/ptm.
))
(C:\Users\nuobe\AppData\Local\Programs\MiKTeX\tex/latex/base\inputenc.sty
Package: inputenc 2024/02/08 v1.3d Input encoding file
\inpenc@prehook=\toks19
\inpenc@posthook=\toks20
)
(C:\Users\nuobe\AppData\Local\Programs\MiKTeX\tex/latex/hyperref\hyperref.sty
Package: hyperref 2025-07-12 v7.01o Hypertext links for LaTeX

(C:\Users\nuobe\AppData\Local\Programs\MiKTeX\tex/latex/kvsetkeys\kvsetkeys.sty
Package: kvsetkeys 2022-10-05 v1.19 Key value parser (HO)
)
(C:\Users\nuobe\AppData\Local\Programs\MiKTeX\tex/generic/kvdefinekeys\kvdefine
keys.sty
Package: kvdefinekeys 2019-12-19 v1.6 Define keys (HO)
)
(C:\Users\nuobe\AppData\Local\Programs\MiKTeX\tex/generic/pdfescape\pdfescape.s
ty
Package: pdfescape 2019/12/09 v1.15 Implements pdfTeX's escape features (HO)

(C:\Users\nuobe\AppData\Local\Programs\MiKTeX\tex/generic/ltxcmds\ltxcmds.sty
Package: ltxcmds 2023-12-04 v1.26 LaTeX kernel commands for general use (HO)
)
(C:\Users\nuobe\AppData\Local\Programs\MiKTeX\tex/generic/pdftexcmds\pdftexcmds
.sty
Package: pdftexcmds 2020-06-27 v0.33 Utility functions of pdfTeX for LuaTeX (HO
)

(C:\Users\nuobe\AppData\Local\Programs\MiKTeX\tex/generic/infwarerr\infwarerr.s
ty
Package: infwarerr 2019/12/03 v1.5 Providing info/warning/error messages (HO)
)
Package pdftexcmds Info: \pdf@primitive is available.
Package pdftexcmds Info: \pdf@ifprimitive is available.
Package pdftexcmds Info: \pdfdraftmode found.
))
(C:\Users\nuobe\AppData\Local\Programs\MiKTeX\tex/latex/hycolor\hycolor.sty
Package: hycolor 2020-01-27 v1.10 Color options for hyperref/bookmark (HO)
)
(C:\Users\nuobe\AppData\Local\Programs\MiKTeX\tex/latex/hyperref\nameref.sty
Package: nameref 2025-06-21 v2.57 Cross-referencing by name of section

(C:\Users\nuobe\AppData\Local\Programs\MiKTeX\tex/latex/refcount\refcount.sty
Package: refcount 2019/12/15 v3.6 Data extraction from label references (HO)
)
(C:\Users\nuobe\AppData\Local\Programs\MiKTeX\tex/generic/gettitlestring\gettit
lestring.sty
Package: gettitlestring 2019/12/15 v1.6 Cleanup title references (HO)

(C:\Users\nuobe\AppData\Local\Programs\MiKTeX\tex/latex/kvoptions\kvoptions.sty
Package: kvoptions 2022-06-15 v3.15 Key value format for package options (HO)
))
\c@section@level=\count286
)
(C:\Users\nuobe\AppData\Local\Programs\MiKTeX\tex/latex/etoolbox\etoolbox.sty
Package: etoolbox 2025/10/02 v2.5m e-TeX tools for LaTeX (JAW)
\etb@tempcnta=\count287
)
(C:\Users\nuobe\AppData\Local\Programs\MiKTeX\tex/generic/stringenc\stringenc.s
ty
Package: stringenc 2019/11/29 v1.12 Convert strings between diff. encodings (HO
)
)
\@linkdim=\dimen158
\Hy@linkcounter=\count288
\Hy@pagecounter=\count289
 (C:\Users\nuobe\AppData\Local\Programs\MiKTeX\tex/latex/hyperref\pd1enc.def
File: pd1enc.def 2025-07-12 v7.01o Hyperref: PDFDocEncoding definition (HO)
Now handling font encoding PD1 ...
... no UTF-8 mapping file for font encoding PD1
) (C:\Users\nuobe\AppData\Local\Programs\MiKTeX\tex/generic/intcalc\intcalc.sty
Package: intcalc 2019/12/15 v1.3 Expandable calculations with integers (HO)
)
\Hy@SavedSpaceFactor=\count290
 (C:\Users\nuobe\AppData\Local\Programs\MiKTeX\tex/latex/hyperref\puenc.def
File: puenc.def 2025-07-12 v7.01o Hyperref: PDF Unicode definition (HO)
Now handling font encoding PU ...
... no UTF-8 mapping file for font encoding PU
)
Package hyperref Info: Hyper figures OFF on input line 4195.
Package hyperref Info: Link nesting OFF on input line 4200.
Package hyperref Info: Hyper index ON on input line 4203.
Package hyperref Info: Plain pages OFF on input line 4210.
Package hyperref Info: Backreferencing OFF on input line 4215.
Package hyperref Info: Implicit mode ON; LaTeX internals redefined.
Package hyperref Info: Bookmarks ON on input line 4462.
\c@Hy@tempcnt=\count291

(C:\Users\nuobe\AppData\Local\Programs\MiKTeX\tex/latex/url\url.sty
\Urlmuskip=\muskip17
Package: url 2013/09/16  ver 3.4  Verb mode for urls, etc.
)
LaTeX Info: Redefining \url on input line 4801.
\XeTeXLinkMargin=\dimen159

(C:\Users\nuobe\AppData\Local\Programs\MiKTeX\tex/generic/bitset\bitset.sty
Package: bitset 2019/12/09 v1.3 Handle bit-vector datatype (HO)

(C:\Users\nuobe\AppData\Local\Programs\MiKTeX\tex/generic/bigintcalc\bigintcalc
.sty
Package: bigintcalc 2019/12/15 v1.5 Expandable calculations on big integers (HO
)
))
\Fld@menulength=\count292
\Field@Width=\dimen160
\Fld@charsize=\dimen161
Package hyperref Info: Hyper figures OFF on input line 6078.
Package hyperref Info: Link nesting OFF on input line 6083.
Package hyperref Info: Hyper index ON on input line 6086.
Package hyperref Info: backreferencing OFF on input line 6093.
Package hyperref Info: Link coloring OFF on input line 6098.
Package hyperref Info: Link coloring with OCG OFF on input line 6103.
Package hyperref Info: PDF/A mode OFF on input line 6108.
\Hy@abspage=\count293
\c@Item=\count294
\c@Hfootnote=\count295
)
Package hyperref Info: Driver (autodetected): hpdftex.

(C:\Users\nuobe\AppData\Local\Programs\MiKTeX\tex/latex/hyperref\hpdftex.def
File: hpdftex.def 2025-07-12 v7.01o Hyperref driver for pdfTeX
\Fld@listcount=\count296
\c@bookmark@seq@number=\count297

(C:\Users\nuobe\AppData\Local\Programs\MiKTeX\tex/latex/rerunfilecheck\rerunfil
echeck.sty
Package: rerunfilecheck 2025-06-21 v1.11 Rerun checks for auxiliary files (HO)

(C:\Users\nuobe\AppData\Local\Programs\MiKTeX\tex/generic/uniquecounter\uniquec
ounter.sty
Package: uniquecounter 2019/12/15 v1.4 Provide unlimited unique counter (HO)
)
Package uniquecounter Info: New unique counter `rerunfilecheck' on input line 2
84.
)
\Hy@SectionHShift=\skip51
)
(C:\Users\nuobe\AppData\Local\Programs\MiKTeX\tex/latex/amsmath\amsmath.sty
Package: amsmath 2025/07/09 v2.17z AMS math features
\@mathmargin=\skip52

For additional information on amsmath, use the `?' option.
(C:\Users\nuobe\AppData\Local\Programs\MiKTeX\tex/latex/amsmath\amstext.sty
Package: amstext 2024/11/17 v2.01 AMS text

(C:\Users\nuobe\AppData\Local\Programs\MiKTeX\tex/latex/amsmath\amsgen.sty
File: amsgen.sty 1999/11/30 v2.0 generic functions
\@emptytoks=\toks21
\ex@=\dimen162
))
(C:\Users\nuobe\AppData\Local\Programs\MiKTeX\tex/latex/amsmath\amsbsy.sty
Package: amsbsy 1999/11/29 v1.2d Bold Symbols
\pmbraise@=\dimen163
)
(C:\Users\nuobe\AppData\Local\Programs\MiKTeX\tex/latex/amsmath\amsopn.sty
Package: amsopn 2022/04/08 v2.04 operator names
)
\inf@bad=\count298
LaTeX Info: Redefining \frac on input line 233.
\uproot@=\count299
\leftroot@=\count300
LaTeX Info: Redefining \overline on input line 398.
LaTeX Info: Redefining \colon on input line 409.
\classnum@=\count301
\DOTSCASE@=\count302
LaTeX Info: Redefining \ldots on input line 495.
LaTeX Info: Redefining \dots on input line 498.
LaTeX Info: Redefining \cdots on input line 619.
\Mathstrutbox@=\box53
\strutbox@=\box54
LaTeX Info: Redefining \big on input line 721.
LaTeX Info: Redefining \Big on input line 722.
LaTeX Info: Redefining \bigg on input line 723.
LaTeX Info: Redefining \Bigg on input line 724.
\big@size=\dimen164
LaTeX Font Info:    Redeclaring font encoding OML on input line 742.
LaTeX Font Info:    Redeclaring font encoding OMS on input line 743.
\macc@depth=\count303
LaTeX Info: Redefining \bmod on input line 904.
LaTeX Info: Redefining \pmod on input line 909.
LaTeX Info: Redefining \smash on input line 939.
LaTeX Info: Redefining \relbar on input line 969.
LaTeX Info: Redefining \Relbar on input line 970.
\c@MaxMatrixCols=\count304
\dotsspace@=\muskip18
\c@parentequation=\count305
\dspbrk@lvl=\count306
\tag@help=\toks22
\row@=\count307
\column@=\count308
\maxfields@=\count309
\andhelp@=\toks23
\eqnshift@=\dimen165
\alignsep@=\dimen166
\tagshift@=\dimen167
\tagwidth@=\dimen168
\totwidth@=\dimen169
\lineht@=\dimen170
\@envbody=\toks24
\multlinegap=\skip53
\multlinetaggap=\skip54
\mathdisplay@stack=\toks25
LaTeX Info: Redefining \[ on input line 2950.
LaTeX Info: Redefining \] on input line 2951.
)
(C:\Users\nuobe\AppData\Local\Programs\MiKTeX\tex/latex/booktabs\booktabs.sty
Package: booktabs 2020/01/12 v1.61803398 Publication quality tables
\heavyrulewidth=\dimen171
\lightrulewidth=\dimen172
\cmidrulewidth=\dimen173
\belowrulesep=\dimen174
\belowbottomsep=\dimen175
\aboverulesep=\dimen176
\abovetopsep=\dimen177
\cmidrulesep=\dimen178
\cmidrulekern=\dimen179
\defaultaddspace=\dimen180
\@cmidla=\count310
\@cmidlb=\count311
\@aboverulesep=\dimen181
\@belowrulesep=\dimen182
\@thisruleclass=\count312
\@lastruleclass=\count313
\@thisrulewidth=\dimen183
)
(C:\Users\nuobe\AppData\Local\Programs\MiKTeX\tex/latex/tools\longtable.sty
Package: longtable 2025-10-13 v4.24 Multi-page Table package (DPC)
\LTleft=\skip55
\LTright=\skip56
\LTpre=\skip57
\LTpost=\skip58
\LTchunksize=\count314
\LTcapwidth=\dimen184
\LT@head=\box55
\LT@firsthead=\box56
\LT@foot=\box57
\LT@lastfoot=\box58
\LT@gbox=\box59
\LT@cols=\count315
\LT@rows=\count316
\c@LT@tables=\count317
\c@LT@chunks=\count318
\LT@p@ftn=\toks26
)
(C:\Users\nuobe\AppData\Local\Programs\MiKTeX\tex/latex/tools\array.sty
Package: array 2025/09/25 v2.6n Tabular extension package (FMi)
\col@sep=\dimen185
\ar@mcellbox=\box60
\extrarowheight=\dimen186
\NC@list=\toks27
\extratabsurround=\skip59
\backup@length=\skip60
\ar@cellbox=\box61
)
(C:\Users\nuobe\AppData\Local\Programs\MiKTeX\tex/latex/graphics\graphicx.sty
Package: graphicx 2024/12/31 v1.2e Enhanced LaTeX Graphics (DPC,SPQR)

(C:\Users\nuobe\AppData\Local\Programs\MiKTeX\tex/latex/graphics\graphics.sty
Package: graphics 2024/08/06 v1.4g Standard LaTeX Graphics (DPC,SPQR)

(C:\Users\nuobe\AppData\Local\Programs\MiKTeX\tex/latex/graphics\trig.sty
Package: trig 2023/12/02 v1.11 sin cos tan (DPC)
)
(C:\Users\nuobe\AppData\Local\Programs\MiKTeX\tex/latex/graphics-cfg\graphics.c
fg
File: graphics.cfg 2016/06/04 v1.11 sample graphics configuration
)
Package graphics Info: Driver file: pdftex.def on input line 106.

(C:\Users\nuobe\AppData\Local\Programs\MiKTeX\tex/latex/graphics-def\pdftex.def
File: pdftex.def 2025/09/29 v1.2d Graphics/color driver for pdftex
))
\Gin@req@height=\dimen187
\Gin@req@width=\dimen188
) (C:\Users\nuobe\AppData\Local\Programs\MiKTeX\tex/latex/caption\caption.sty
Package: caption 2023/08/05 v3.6o Customizing captions (AR)
(C:\Users\nuobe\AppData\Local\Programs\MiKTeX\tex/latex/caption\caption3.sty
Package: caption3 2023/07/31 v2.4d caption3 kernel (AR)
\caption@tempdima=\dimen189
\captionmargin=\dimen190
\caption@leftmargin=\dimen191
\caption@rightmargin=\dimen192
\caption@width=\dimen193
\caption@indent=\dimen194
\caption@parindent=\dimen195
\caption@hangindent=\dimen196
Package caption Info: Standard document class detected.
)
\c@caption@flags=\count319
\c@continuedfloat=\count320
Package caption Info: hyperref package is loaded.
Package caption Info: longtable package is loaded.

(C:\Users\nuobe\AppData\Local\Programs\MiKTeX\tex/latex/caption\ltcaption.sty
Package: ltcaption 2021/01/08 v1.4c longtable captions (AR)
)) (C:\Users\nuobe\AppData\Local\Programs\MiKTeX\tex/latex/caption\subcaption.s
ty
Package: subcaption 2023/07/28 v1.6b Sub-captions (AR)
Package caption Info: New subtype `subfigure' on input line 238.
\c@subfigure=\count321
Package caption Info: New subtype `subtable' on input line 238.
\c@subtable=\count322
) (C:\Users\nuobe\AppData\Local\Programs\MiKTeX\tex/latex/float\float.sty
Package: float 2001/11/08 v1.3d Float enhancements (AL)
\c@float@type=\count323
\float@exts=\toks28
\float@box=\box62
\@float@everytoks=\toks29
\@floatcapt=\box63
)
(C:\Users\nuobe\AppData\Local\Programs\MiKTeX\tex/latex/natbib\natbib.sty
Package: natbib 2010/09/13 8.31b (PWD, AO)
\bibhang=\skip61
\bibsep=\skip62
LaTeX Info: Redefining \cite on input line 694.
\c@NAT@ctr=\count324
)
(C:\Users\nuobe\AppData\Local\Programs\MiKTeX\tex/latex/xcolor\xcolor.sty
Package: xcolor 2024/09/29 v3.02 LaTeX color extensions (UK)

(C:\Users\nuobe\AppData\Local\Programs\MiKTeX\tex/latex/graphics-cfg\color.cfg
File: color.cfg 2016/01/02 v1.6 sample color configuration
)
Package xcolor Info: Driver file: pdftex.def on input line 274.
(C:\Users\nuobe\AppData\Local\Programs\MiKTeX\tex/latex/graphics\mathcolor.ltx)
Package xcolor Info: Model `cmy' substituted by `cmy0' on input line 1349.
Package xcolor Info: Model `hsb' substituted by `rgb' on input line 1353.
Package xcolor Info: Model `RGB' extended on input line 1365.
Package xcolor Info: Model `HTML' substituted by `rgb' on input line 1367.
Package xcolor Info: Model `Hsb' substituted by `hsb' on input line 1368.
Package xcolor Info: Model `tHsb' substituted by `hsb' on input line 1369.
Package xcolor Info: Model `HSB' substituted by `hsb' on input line 1370.
Package xcolor Info: Model `Gray' substituted by `gray' on input line 1371.
Package xcolor Info: Model `wave' substituted by `hsb' on input line 1372.
) (C:\Users\nuobe\AppData\Local\Programs\MiKTeX\tex/latex/titlesec\titlesec.sty
Package: titlesec 2025/01/04 v2.17 Sectioning titles
\ttl@box=\box64
\beforetitleunit=\skip63
\aftertitleunit=\skip64
\ttl@plus=\dimen197
\ttl@minus=\dimen198
\ttl@toksa=\toks30
\titlewidth=\dimen199
\titlewidthlast=\dimen256
\titlewidthfirst=\dimen257
) (C:\Users\nuobe\AppData\Local\Programs\MiKTeX\tex/latex/abstract\abstract.sty
Package: abstract 2009/06/08 v1.2a configurable abstracts
\abstitleskip=\skip65
\absleftindent=\skip66
\absrightindent=\skip67
\absparindent=\skip68
\absparsep=\skip69
) (C:\Users\nuobe\AppData\Local\Programs\MiKTeX\tex/latex/fancyhdr\fancyhdr.sty
Package: fancyhdr 2025/02/07 v5.2 Extensive control of page headers and footers

\f@nch@headwidth=\skip70
\f@nch@offset@elh=\skip71
\f@nch@offset@erh=\skip72
\f@nch@offset@olh=\skip73
\f@nch@offset@orh=\skip74
\f@nch@offset@elf=\skip75
\f@nch@offset@erf=\skip76
\f@nch@offset@olf=\skip77
\f@nch@offset@orf=\skip78
\f@nch@height=\skip79
\f@nch@footalignment=\skip80
\f@nch@widthL=\skip81
\f@nch@widthC=\skip82
\f@nch@widthR=\skip83
\@temptokenb=\toks31
) (C:\Users\nuobe\AppData\Local\Programs\MiKTeX\tex/latex/appendix\appendix.sty
Package: appendix 2020/02/08 v1.2c extra appendix facilities
\c@@pps=\count325
\c@@ppsavesec=\count326
\c@@ppsaveapp=\count327
) (C:\Users\nuobe\AppData\Local\Programs\MiKTeX\tex/latex/ragged2e\ragged2e.sty
Package: ragged2e 2023/06/22 v3.6 ragged2e Package
\CenteringLeftskip=\skip84
\RaggedLeftLeftskip=\skip85
\RaggedRightLeftskip=\skip86
\CenteringRightskip=\skip87
\RaggedLeftRightskip=\skip88
\RaggedRightRightskip=\skip89
\CenteringParfillskip=\skip90
\RaggedLeftParfillskip=\skip91
\RaggedRightParfillskip=\skip92
\JustifyingParfillskip=\skip93
\CenteringParindent=\skip94
\RaggedLeftParindent=\skip95
\RaggedRightParindent=\skip96
\JustifyingParindent=\skip97
)
(C:\Users\nuobe\AppData\Local\Programs\MiKTeX\tex/latex/microtype\microtype.sty
Package: microtype 2026/03/01 v3.2d Micro-typographical refinements (RS)
\MT@toks=\toks32
\MT@tempbox=\box65
\MT@count=\count328
LaTeX Info: Redefining \noprotrusionifhmode on input line 1084.
LaTeX Info: Redefining \leftprotrusion on input line 1085.
\MT@prot@toks=\toks33
LaTeX Info: Redefining \rightprotrusion on input line 1104.
LaTeX Info: Redefining \textls on input line 1449.
\MT@outer@kern=\dimen258
LaTeX Info: Redefining \microtypecontext on input line 2053.
LaTeX Info: Redefining \textmicrotypecontext on input line 2070.
\MT@listname@count=\count329

(C:\Users\nuobe\AppData\Local\Programs\MiKTeX\tex/latex/microtype\microtype-pdf
tex.def
File: microtype-pdftex.def 2026/03/01 v3.2d Definitions specific to pdftex (RS)

LaTeX Info: Redefining \lsstyle on input line 944.
LaTeX Info: Redefining \lslig on input line 944.
\MT@outer@space=\skip98
)
Package microtype Info: Loading configuration file microtype.cfg.

(C:\Users\nuobe\AppData\Local\Programs\MiKTeX\tex/latex/microtype\microtype.cfg
File: microtype.cfg 2026/03/01 v3.2d microtype main configuration file (RS)
)
LaTeX Info: Redefining \microtypesetup on input line 3065.
)
(C:\Users\nuobe\AppData\Local\Programs\MiKTeX\tex/latex/l3backend\l3backend-pdf
tex.def
File: l3backend-pdftex.def 2025-10-09 L3 backend support: PDF output (pdfTeX)
\l__color_backend_stack_int=\count330
) (report_main.aux)
\openout1 = `report_main.aux'.

LaTeX Font Info:    Checking defaults for OML/cmm/m/it on input line 38.
LaTeX Font Info:    ... okay on input line 38.
LaTeX Font Info:    Checking defaults for OMS/cmsy/m/n on input line 38.
LaTeX Font Info:    ... okay on input line 38.
LaTeX Font Info:    Checking defaults for OT1/cmr/m/n on input line 38.
LaTeX Font Info:    ... okay on input line 38.
LaTeX Font Info:    Checking defaults for T1/cmr/m/n on input line 38.
LaTeX Font Info:    ... okay on input line 38.
LaTeX Font Info:    Checking defaults for TS1/cmr/m/n on input line 38.
LaTeX Font Info:    ... okay on input line 38.
LaTeX Font Info:    Checking defaults for OMX/cmex/m/n on input line 38.
LaTeX Font Info:    ... okay on input line 38.
LaTeX Font Info:    Checking defaults for U/cmr/m/n on input line 38.
LaTeX Font Info:    ... okay on input line 38.
LaTeX Font Info:    Checking defaults for PD1/pdf/m/n on input line 38.
LaTeX Font Info:    ... okay on input line 38.
LaTeX Font Info:    Checking defaults for PU/pdf/m/n on input line 38.
LaTeX Font Info:    ... okay on input line 38.

*geometry* driver: auto-detecting
*geometry* detected driver: pdftex
*geometry* verbose mode - [ preamble ] result:
* driver: pdftex
* paper: a4paper
* layout: <same size as paper>
* layoutoffset:(h,v)=(0.0pt,0.0pt)
* modes: 
* h-part:(L,W,R)=(85.35826pt, 469.47049pt, 42.67912pt)
* v-part:(T,H,B)=(56.9055pt, 731.23584pt, 56.9055pt)
* \paperwidth=597.50787pt
* \paperheight=845.04684pt
* \textwidth=469.47049pt
* \textheight=731.23584pt
* \oddsidemargin=13.08827pt
* \evensidemargin=13.08827pt
* \topmargin=-54.36449pt
* \headheight=14.0pt
* \headsep=25.0pt
* \topskip=14.0pt
* \footskip=30.0pt
* \marginparwidth=15.0pt
* \marginparsep=10.0pt
* \columnsep=10.0pt
* \skip\footins=12.0pt plus 4.0pt minus 2.0pt
* \hoffset=0.0pt
* \voffset=0.0pt
* \mag=1000
* \@twocolumnfalse
* \@twosidefalse
* \@mparswitchfalse
* \@reversemarginfalse
* (1in=72.27pt=25.4mm, 1cm=28.453pt)

Package hyperref Info: Link coloring OFF on input line 38.
(report_main.out) (report_main.out)
\@outlinefile=\write3
\openout3 = `report_main.out'.


(C:\Users\nuobe\AppData\Local\Programs\MiKTeX\tex/context/base/mkii\supp-pdf.mk
ii
[Loading MPS to PDF converter (version 2006.09.02).]
\scratchcounter=\count331
\scratchdimen=\dimen259
\scratchbox=\box66
\nofMPsegments=\count332
\nofMParguments=\count333
\everyMPshowfont=\toks34
\MPscratchCnt=\count334
\MPscratchDim=\dimen260
\MPnumerator=\count335
\makeMPintoPDFobject=\count336
\everyMPtoPDFconversion=\toks35
)
(C:\Users\nuobe\AppData\Local\Programs\MiKTeX\tex/latex/epstopdf-pkg\epstopdf-b
ase.sty
Package: epstopdf-base 2020-01-24 v2.11 Base part for package epstopdf
Package epstopdf-base Info: Redefining graphics rule for `.eps' on input line 4
85.

(C:\Users\nuobe\AppData\Local\Programs\MiKTeX\tex/latex/00miktex\epstopdf-sys.c
fg
File: epstopdf-sys.cfg 2021/03/18 v2.0 Configuration of epstopdf for MiKTeX
))
Package caption Info: Begin \AtBeginDocument code.
Package caption Info: float package is loaded.
Package caption Info: End \AtBeginDocument code.
LaTeX Info: Redefining \microtypecontext on input line 38.
Package microtype Info: Applying patch `item' on input line 38.
Package microtype Info: Applying patch `toc' on input line 38.
Package microtype Info: Applying patch `eqnum' on input line 38.
Package microtype Info: Applying patch `footnote' on input line 38.
Package microtype Info: Applying patch `verbatim' on input line 38.
LaTeX Info: Redefining \microtypesetup on input line 38.
Package microtype Info: Generating PDF output.
Package microtype Info: Character protrusion enabled (level 2).
Package microtype Info: Using default protrusion set `alltext'.
Package microtype Info: Automatic font expansion enabled (level 2),
(microtype)             stretch: 20, shrink: 20, step: 1, non-selected.
Package microtype Info: Using default expansion set `alltext-nott'.
Package microtype Info: Patching command `\showhyphens'.
Package microtype Info: No adjustment of tracking.
Package microtype Info: No adjustment of interword spacing.
Package microtype Info: No adjustment of character kerning.

(C:\Users\nuobe\AppData\Local\Programs\MiKTeX\tex/latex/microtype\mt-ptm.cfg
File: mt-ptm.cfg 2006/04/20 v1.7 microtype config. file: Times (RS)
)
LaTeX Font Info:    Trying to load font information for OT1+ztmcm on input line
 45.

(C:\Users\nuobe\AppData\Local\Programs\MiKTeX\tex/latex/psnfss\ot1ztmcm.fd
File: ot1ztmcm.fd 2000/01/03 Fontinst v1.801 font definitions for OT1/ztmcm.
)
Package microtype Info: Loading generic protrusion settings for font family
(microtype)             `ztmcm' (encoding: OT1).
(microtype)             For optimal results, create family-specific settings.
(microtype)             See the microtype manual for details.
LaTeX Font Info:    Trying to load font information for OML+ztmcm on input line
 45.

(C:\Users\nuobe\AppData\Local\Programs\MiKTeX\tex/latex/psnfss\omlztmcm.fd
File: omlztmcm.fd 2000/01/03 Fontinst v1.801 font definitions for OML/ztmcm.
)
LaTeX Font Info:    Trying to load font information for OMS+ztmcm on input line
 45.

(C:\Users\nuobe\AppData\Local\Programs\MiKTeX\tex/latex/psnfss\omsztmcm.fd
File: omsztmcm.fd 2000/01/03 Fontinst v1.801 font definitions for OMS/ztmcm.
)
LaTeX Font Info:    Trying to load font information for OMX+ztmcm on input line
 45.

(C:\Users\nuobe\AppData\Local\Programs\MiKTeX\tex/latex/psnfss\omxztmcm.fd
File: omxztmcm.fd 2000/01/03 Fontinst v1.801 font definitions for OMX/ztmcm.
)
LaTeX Font Info:    Font shape `OT1/ptm/bx/n' in size <12> not available
(Font)              Font shape `OT1/ptm/b/n' tried instead on input line 45.
LaTeX Font Info:    Font shape `OT1/ptm/bx/n' in size <9> not available
(Font)              Font shape `OT1/ptm/b/n' tried instead on input line 45.
LaTeX Font Info:    Font shape `OT1/ptm/bx/n' in size <7> not available
(Font)              Font shape `OT1/ptm/b/n' tried instead on input line 45.

[1

{C:/Users/nuobe/AppData/Local/MiKTeX/fonts/map/pdftex/pdftex.map}{C:/Users/nuob
e/AppData/Local/Programs/MiKTeX/fonts/enc/dvips/base/8r.enc}]
(report_main.toc
LaTeX Font Info:    Font shape `OT1/ptm/bx/n' in size <14.4> not available
(Font)              Font shape `OT1/ptm/b/n' tried instead on input line 3.
LaTeX Font Info:    Font shape `OT1/ptm/bx/n' in size <10.95> not available
(Font)              Font shape `OT1/ptm/b/n' tried instead on input line 3.
LaTeX Font Info:    Font shape `OT1/ptm/bx/n' in size <8> not available
(Font)              Font shape `OT1/ptm/b/n' tried instead on input line 3.
 [2] [3])
\tf@toc=\write4
\openout4 = `report_main.toc'.

 [4] [5] (chapters/ch_literature_review.tex [6]
[7] [8] [9] [10] [11]) (chapters/ch_advanced_methodology.tex [12] [13]
Overfull \hbox (3.36449pt too wide) in paragraph at lines 49--49
[]|\OT1/ptm/m/n/14.4 (-20) Outcome|  
 []


Overfull \hbox (3.36449pt too wide) in paragraph at lines 50--50
[]|\OT1/ptm/m/n/14.4 (-20) Outcome|  
 []


Overfull \hbox (7.17119pt too wide) in paragraph at lines 51--51
[]|\OT1/ptm/m/n/14.4 (-20) BX.KLT.DINV.WD.GD.ZS: 
 []


Underfull \hbox (badness 1194) in paragraph at lines 52--52
[]|\OT1/ptm/m/n/14.4 (+20) (Exports + Im- 
 []

ignored error: Infinite glue shrinkage found in box being split [14]
ignored error: Infinite glue shrinkage found in box being split [15]
Underfull \hbox (badness 10000) in paragraph at lines 79--79
[]|[]$\OT1/cmtt/m/n/12 api . worldbank . org /
 []


Underfull \hbox (badness 10000) in paragraph at lines 80--80
[]|[]$\OT1/cmtt/m/n/12 api . worldbank . org /
 []


Underfull \hbox (badness 10000) in paragraph at lines 82--82
[]|[]$\OT1/cmtt/m/n/12 unctadstat . unctad .
 []

[16] [17] [18] [19])
<figures/fig1R_extended_structural_break.png, id=669, 642.8015pt x 383.031pt>
File: figures/fig1R_extended_structural_break.png Graphic file (type png)
<use figures/fig1R_extended_structural_break.png>
Package pdftex.def Info: figures/fig1R_extended_structural_break.png  used on i
nput line 81.
(pdftex.def)             Requested size: 399.05278pt x 237.79237pt.
 [20] [21 <./figures/fig1R_extended_structural_break.png>]
<figures/fig2_rca_heatmap.png, id=684, 722.7pt x 505.89pt>
File: figures/fig2_rca_heatmap.png Graphic file (type png)
<use figures/fig2_rca_heatmap.png>
Package pdftex.def Info: figures/fig2_rca_heatmap.png  used on input line 118.
(pdftex.def)             Requested size: 422.52057pt x 295.76305pt.

[22]
<figures/fig3_rca_manufacturing.png, id=691, 650.43pt x 397.485pt>
File: figures/fig3_rca_manufacturing.png Graphic file (type png)
<use figures/fig3_rca_manufacturing.png>
Package pdftex.def Info: figures/fig3_rca_manufacturing.png  used on input line
 129.
(pdftex.def)             Requested size: 399.05278pt x 243.8726pt.
 [23 <./figures/fig2_rca_heatmap.png>] [24 <./figures/fig3_rca_manufacturing.pn
g>]
<figures/fig7_bilateral_trade.png, id=702, 722.7pt x 433.62pt>
File: figures/fig7_bilateral_trade.png Graphic file (type png)
<use figures/fig7_bilateral_trade.png>
Package pdftex.def Info: figures/fig7_bilateral_trade.png  used on input line 1
51.
(pdftex.def)             Requested size: 422.52057pt x 253.51118pt.
LaTeX Font Info:    Trying to load font information for TS1+ptm on input line 1
56.

(C:\Users\nuobe\AppData\Local\Programs\MiKTeX\tex/latex/psnfss\ts1ptm.fd
File: ts1ptm.fd 2001/06/04 font definitions for TS1/ptm.
)
[25 <./figures/fig7_bilateral_trade.png>]
<figures/fig9_intermediate_goods_share.png, id=711, 722.7pt x 433.62pt>
File: figures/fig9_intermediate_goods_share.png Graphic file (type png)
<use figures/fig9_intermediate_goods_share.png>
Package pdftex.def Info: figures/fig9_intermediate_goods_share.png  used on inp
ut line 166.
(pdftex.def)             Requested size: 399.05278pt x 239.43127pt.
 [26 <./figures/fig9_intermediate_goods_share.png>]
<figures/fig8_fdi_by_origin.png, id=718, 650.43pt x 397.485pt>
File: figures/fig8_fdi_by_origin.png Graphic file (type png)
<use figures/fig8_fdi_by_origin.png>
Package pdftex.def Info: figures/fig8_fdi_by_origin.png  used on input line 179
.
(pdftex.def)             Requested size: 399.05278pt x 243.8726pt.
 [27 <./figures/fig8_fdi_by_origin.png>] [28]
<figures/fig12_trade_network_map.png, id=730, 867.24pt x 578.16pt>
File: figures/fig12_trade_network_map.png Graphic file (type png)
<use figures/fig12_trade_network_map.png>
Package pdftex.def Info: figures/fig12_trade_network_map.png  used on input lin
e 205.
(pdftex.def)             Requested size: 431.91199pt x 287.94125pt.
 [29 <./figures/fig12_trade_network_map.png>]
<figures/fig13_intermediate_dependence.png, id=736, 794.97pt x 578.16pt>
File: figures/fig13_intermediate_dependence.png Graphic file (type png)
<use figures/fig13_intermediate_dependence.png>
Package pdftex.def Info: figures/fig13_intermediate_dependence.png  used on inp
ut line 218.
(pdftex.def)             Requested size: 422.52057pt x 307.2967pt.
<figures/fig14_export_composition.png, id=738, 867.24pt x 650.43pt>
File: figures/fig14_export_composition.png Graphic file (type png)
<use figures/fig14_export_composition.png>
Package pdftex.def Info: figures/fig14_export_composition.png  used on input li
ne 231.
(pdftex.def)             Requested size: 431.91199pt x 323.9339pt.
 [30 <./figures/fig13_intermediate_dependence.png>]
<figures/fig15_reexport_potential.png, id=745, 722.7pt x 361.35pt>
File: figures/fig15_reexport_potential.png Graphic file (type png)
<use figures/fig15_reexport_potential.png>
Package pdftex.def Info: figures/fig15_reexport_potential.png  used on input li
ne 244.
(pdftex.def)             Requested size: 413.13632pt x 206.56712pt.

[31 <./figures/fig14_export_composition.png>]
<figures/fig16_gvc_positioning.png, id=754, 794.97pt x 505.89pt>
File: figures/fig16_gvc_positioning.png Graphic file (type png)
<use figures/fig16_gvc_positioning.png>
Package pdftex.def Info: figures/fig16_gvc_positioning.png  used on input line 
257.
(pdftex.def)             Requested size: 422.52057pt x 268.88461pt.
 [32 <./figures/fig15_reexport_potential.png>]
<figures/fig12R_comparative_trajectory.png, id=760, 859.6115pt x 575.751pt>
File: figures/fig12R_comparative_trajectory.png Graphic file (type png)
<use figures/fig12R_comparative_trajectory.png>
Package pdftex.def Info: figures/fig12R_comparative_trajectory.png  used on inp
ut line 272.
(pdftex.def)             Requested size: 431.91199pt x 289.28922pt.
 [33 <./figures/fig16_gvc_positioning.png>]
LaTeX Font Info:    Font shape `OT1/ptm/bx/n' in size <10> not available
(Font)              Font shape `OT1/ptm/b/n' tried instead on input line 277.
LaTeX Font Info:    Font shape `OT1/ptm/bx/n' in size <7.4> not available
(Font)              Font shape `OT1/ptm/b/n' tried instead on input line 277.
LaTeX Font Info:    Font shape `OT1/ptm/bx/n' in size <6> not available
(Font)              Font shape `OT1/ptm/b/n' tried instead on input line 277.
 [34 <./figures/fig12R_comparative_trajectory.png>] [35] (chapters/ch_thailand_
benchmarking.tex
[36]
Overfull \hbox (7.31493pt too wide) in paragraph at lines 16--16
|[]\OT1/ptm/b/n/17.28 (-20) Comparative Bench-mark-ing: Thai-land, Viet-nam, an
d Uzbek-
 []

<figures/fig17_thailand_benchmark.png, id=788, 867.24pt x 325.215pt>
File: figures/fig17_thailand_benchmark.png Graphic file (type png)
<use figures/fig17_thailand_benchmark.png>
Package pdftex.def Info: figures/fig17_thailand_benchmark.png  used on input li
ne 22.
(pdftex.def)             Requested size: 431.91199pt x 161.96695pt.
[37 <./figures/fig17_thailand_benchmark.png>]) [38] [39]
(chapters/ch_institutional_readiness.tex [40]
<figures/fig18_wgi_comparison.png, id=815, 722.7pt x 397.485pt>
File: figures/fig18_wgi_comparison.png Graphic file (type png)
<use figures/fig18_wgi_comparison.png>
Package pdftex.def Info: figures/fig18_wgi_comparison.png  used on input line 2
0.
(pdftex.def)             Requested size: 431.91199pt x 237.55273pt.
 [41 <./figures/fig18_wgi_comparison.png>] [42] [43] [44]
<figures/fig19_institutional_radar.png, id=841, 505.89pt x 505.89pt>
File: figures/fig19_institutional_radar.png Graphic file (type png)
<use figures/fig19_institutional_radar.png>
Package pdftex.def Info: figures/fig19_institutional_radar.png  used on input l
ine 123.
(pdftex.def)             Requested size: 328.6279pt x 328.6316pt.
) [45 <./figures/fig19_institutional_radar.png (PNG copy)>] [46] (chapters/ch_s
ez_analysis.tex
Underfull \hbox (badness 3078) in paragraph at lines 23--23
[]|\OT1/ptm/m/n/12 (+20) FDI At-
 []


Underfull \hbox (badness 10000) in paragraph at lines 23--23
\OT1/ptm/m/n/12 (+20) tracted
 []


Underfull \hbox (badness 10000) in paragraph at lines 23--23
\OT1/ptm/m/n/12 (+20) (cum.
 []


Underfull \hbox (badness 10000) in paragraph at lines 25--26
[]|\OT1/ptm/m/n/12 (+20) Korean Air
 []


Underfull \hbox (badness 10000) in paragraph at lines 26--26
[]|\OT1/ptm/m/n/12 (+20) Electronics,
 []


Underfull \hbox (badness 10000) in paragraph at lines 29--29
[]|\OT1/ptm/m/n/12 (+20) Metals, con-
 []


Underfull \hbox (badness 10000) in paragraph at lines 29--30
[]|\OT1/ptm/m/n/12 (+20) Peng Cheng
 []


Underfull \hbox (badness 10000) in paragraph at lines 30--31
[]|\OT1/ptm/m/n/12 (+20) Samsung,
 []


Underfull \hbox (badness 10000) in paragraph at lines 30--31
\OT1/ptm/m/n/12 (+20) Huawei (tech
 []


Underfull \hbox (badness 10000) in paragraph at lines 31--31
[]|\OT1/ptm/m/n/12 (+20) Termez Lo-gis-
 []


Underfull \hbox (badness 10000) in paragraph at lines 31--31
[]|\OT1/ptm/m/n/12 (+20) Transit lo-gis-
 []


Underfull \hbox (badness 10000) in paragraph at lines 32--32
[]|\OT1/ptm/m/n/12 (+20) Textiles, ce-
 []

[47] [48] [49]
<figures/fig20_sez_performance.png, id=874, 722.7pt x 397.485pt>
File: figures/fig20_sez_performance.png Graphic file (type png)
<use figures/fig20_sez_performance.png>
Package pdftex.def Info: figures/fig20_sez_performance.png  used on input line 
85.
(pdftex.def)             Requested size: 422.52057pt x 232.38525pt.
 [50]) [51 <./figures/fig20_sez_performance.png>]
(chapters/ch_constraints.tex [52] [53]
<figures/fig_newB_middle_corridor.png, id=907, 643.203pt x 377.41pt>
File: figures/fig_newB_middle_corridor.png Graphic file (type png)
<use figures/fig_newB_middle_corridor.png>
Package pdftex.def Info: figures/fig_newB_middle_corridor.png  used on input li
ne 46.
(pdftex.def)             Requested size: 413.13632pt x 242.4169pt.
 [54 <./figures/fig_newB_middle_corridor.png>] [55] [56]
<figures/fig_newA_wto_tracker.png, id=931, 711.8595pt x 339.669pt>
File: figures/fig_newA_wto_tracker.png Graphic file (type png)
<use figures/fig_newA_wto_tracker.png>
Package pdftex.def Info: figures/fig_newA_wto_tracker.png  used on input line 1
01.
(pdftex.def)             Requested size: 422.52057pt x 201.6106pt.
 [57 <./figures/fig_newA_wto_tracker.png>]
<figures/fig21_constraint_heatmap.png, id=941, 650.43pt x 505.89pt>
File: figures/fig21_constraint_heatmap.png Graphic file (type png)
<use figures/fig21_constraint_heatmap.png>
Package pdftex.def Info: figures/fig21_constraint_heatmap.png  used on input li
ne 112.
(pdftex.def)             Requested size: 413.13632pt x 321.33691pt.
) [58 <./figures/fig21_constraint_heatmap.png>] (output/tables/ols_regression.t
ex)
(output/tables/intermediate_diagnostics.tex)
(output/tables/panel_robustness.tex) [59] [60] [61]
<figures/fig5_manufacturing_forecast.png, id=970, 794.97pt x 433.62pt>
File: figures/fig5_manufacturing_forecast.png Graphic file (type png)
<use figures/fig5_manufacturing_forecast.png>
Package pdftex.def Info: figures/fig5_manufacturing_forecast.png  used on input
 line 326.
(pdftex.def)             Requested size: 422.52057pt x 230.47253pt.
 [62] [63 <./figures/fig5_manufacturing_forecast.png>]
<figures/fig10_mechanism_trajectory.png, id=982, 722.7pt x 433.62pt>
File: figures/fig10_mechanism_trajectory.png Graphic file (type png)
<use figures/fig10_mechanism_trajectory.png>
Package pdftex.def Info: figures/fig10_mechanism_trajectory.png  used on input 
line 346.
(pdftex.def)             Requested size: 399.05278pt x 239.43127pt.
 [64 <./figures/fig10_mechanism_trajectory.png>]
[65] (chapters/ch_discussion.tex
Underfull \hbox (badness 10000) in paragraph at lines 31--31
[]|\OT1/ptm/b/n/14.4 (+20) Evidence Base /
 []


Underfull \hbox (badness 1231) in paragraph at lines 31--31
[]|\OT1/ptm/b/n/14.4 (+20) Implication for GVC
 []


Underfull \hbox (badness 10000) in paragraph at lines 31--31
[]|\OT1/ptm/b/n/14.4 (+20) Chow Struc-tural
 []


Underfull \hbox (badness 10000) in paragraph at lines 31--31
[]|\OT1/ptm/m/n/14.4 (+20) Comparative ad-van-tages re-main
 []


Underfull \hbox (badness 10000) in paragraph at lines 31--31
\OT1/ptm/m/n/14.4 (+20) con-cen-trated in resources/low-
 []


Underfull \hbox (badness 10000) in paragraph at lines 31--31
[]|\OT1/ptm/m/n/14.4 (+20) Structural growth is
 []


Underfull \hbox (badness 10000) in paragraph at lines 31--31
\OT1/ptm/m/n/14.4 (+20) trend-driven; causal
 []


Underfull \hbox (badness 10000) in paragraph at lines 31--31
\OT1/ptm/m/n/14.4 (+20) iden-ti-fi-ca-tion of NE
 []


Underfull \hbox (badness 10000) in paragraph at lines 31--31
\OT1/ptm/m/n/14.4 (+20) Asian mech-a-nisms
 []


Underfull \hbox (badness 10000) in paragraph at lines 31--31
[]|\OT1/ptm/b/n/14.4 (+20) Trade Net-work
 []


Underfull \hbox (badness 1789) in paragraph at lines 31--31
[]|\OT1/ptm/m/n/14.4 (+20) High be-tween-ness (0.26) and in-
 []


Underfull \hbox (badness 5203) in paragraph at lines 31--31
[]|\OT1/ptm/m/n/14.4 (+20) Conduit for im-ported
 []


Underfull \hbox (badness 10000) in paragraph at lines 31--31
[]|\OT1/ptm/b/n/14.4 (+20) Comparative
 []


Underfull \hbox (badness 10000) in paragraph at lines 31--31
[]|\OT1/ptm/b/n/14.4 (+20) Constraint Di-ag-
 []


Underfull \hbox (badness 4441) in paragraph at lines 31--31
[]|\OT1/ptm/m/n/14.4 (+20) Structural bar-rier pre-
 []

[66] [67] [68] [69] [70] [71] [72]
Overfull \hbox (2.3648pt too wide) in paragraph at lines 81--81
|[]\OT1/ptm/b/n/17.28 (-20) The Pre-ma-ture Dein-dus-tri-al-i-sa-tion Counter-T
hesis and Why
 []

[73] [74]) [75] [76] [77] [78]
<figures/fig0_indicator_trends.png, id=1081, 722.7pt x 433.62pt>
File: figures/fig0_indicator_trends.png Graphic file (type png)
<use figures/fig0_indicator_trends.png>
Package pdftex.def Info: figures/fig0_indicator_trends.png  used on input line 
400.
(pdftex.def)             Requested size: 422.52057pt x 253.51118pt.
<figures/fig6_scenario_dashboard.png, id=1082, 1011.78pt x 397.485pt>
File: figures/fig6_scenario_dashboard.png Graphic file (type png)
<use figures/fig6_scenario_dashboard.png>
Package pdftex.def Info: figures/fig6_scenario_dashboard.png  used on input lin
e 407.
(pdftex.def)             Requested size: 422.52057pt x 165.99033pt.
<figures/fig11_growth_decomposition.png, id=1083, 722.7pt x 433.62pt>
File: figures/fig11_growth_decomposition.png Graphic file (type png)
<use figures/fig11_growth_decomposition.png>
Package pdftex.def Info: figures/fig11_growth_decomposition.png  used on input 
line 414.
(pdftex.def)             Requested size: 422.52057pt x 253.51118pt.
 [79 <./figures/fig0_indicator_trends.png> <./figures/fig6_scenario_dashboard.p
ng>] [80 <./figures/fig11_growth_decomposition.png>] (report_main.bbl [81] [82]

Underfull \hbox (badness 10000) in paragraph at lines 175--178
\OT1/ptm/b/n/14.4 (+20) URL: \OT1/ptm/m/it/14.4 (+20) https://www.oecd.org/eura
sia/competitiveness-programme/central-
 []

[83]
Underfull \hbox (badness 10000) in paragraph at lines 199--202
\OT1/ptm/b/n/14.4 (+20) URL: \OT1/ptm/m/it/14.4 (+20) https://www.rand.org/pubs
/commentary/2024/03/the-middle-
 []


Overfull \hbox (86.39397pt too wide) in paragraph at lines 209--213
\OT1/ptm/b/n/14.4 (-20) URL: \OT1/ptm/m/it/14.4 (-20) https://english.www.gov.c
n/news/202412/27/content[]WS676eabb1c6d0868f4e8ee51f.html 
 []

) [84] (report_main.aux)
 ***********
LaTeX2e <2025-11-01>
L3 programming layer <2025-12-24>
 ***********
Package rerunfilecheck Info: File `report_main.out' has not changed.
(rerunfilecheck)             Checksum: 999F7BB0F7A1700DA4445D7748DE198C;22940.
 ) 
Here is how much of TeX's memory you used:
 16822 strings out of 467871
 275897 string characters out of 5418377
 726131 words of memory out of 5000000
 44647 multiletter control sequences out of 15000+600000
 702632 words of font info for 478 fonts, out of 8000000 for 9000
 1141 hyphenation exceptions out of 8191
 75i,13n,79p,2009b,652s stack positions out of 10000i,1000n,20000p,200000b,200000s
<C:/Users/nuobe/AppData/Local/Programs/MiKTeX/fonts/type1/public/amsfonts/cm/
cmex10.pfb><C:/Users/nuobe/AppData/Local/Programs/MiKTeX/fonts/type1/public/ams
fonts/cm/cmmi10.pfb><C:/Users/nuobe/AppData/Local/Programs/MiKTeX/fonts/type1/p
ublic/amsfonts/cm/cmr10.pfb><C:/Users/nuobe/AppData/Local/Programs/MiKTeX/fonts
/type1/public/amsfonts/cm/cmsy10.pfb><C:/Users/nuobe/AppData/Local/Programs/MiK
TeX/fonts/type1/public/amsfonts/cm/cmtt12.pfb><C:/Users/nuobe/AppData/Local/Pro
grams/MiKTeX/fonts/type1/urw/symbol/usyr.pfb><C:/Users/nuobe/AppData/Local/Prog
rams/MiKTeX/fonts/type1/urw/symbol/usyr.pfb><C:/Users/nuobe/AppData/Local/Progr
ams/MiKTeX/fonts/type1/urw/times/utmb8a.pfb><C:/Users/nuobe/AppData/Local/Progr
ams/MiKTeX/fonts/type1/urw/times/utmr8a.pfb><C:/Users/nuobe/AppData/Local/Progr
ams/MiKTeX/fonts/type1/urw/times/utmri8a.pfb>
Output written on report_main.pdf (84 pages, 4235441 bytes).
PDF statistics:
 1214 PDF objects out of 1440 (max. 8388607)
 260 named destinations out of 1000 (max. 500000)
 94449 words of extra memory for PDF output out of 106986 (max. 10000000)

