\BOOKMARK [1][-]{section.1}{\376\377\000I\000n\000t\000r\000o\000d\000u\000c\000t\000i\000o\000n}{}% 1
\BOOKMARK [1][-]{section.2}{\376\377\000L\000i\000t\000e\000r\000a\000t\000u\000r\000e\000\040\000R\000e\000v\000i\000e\000w\000:\000\040\000R\000e\000-\000e\000v\000a\000l\000u\000a\000t\000i\000n\000g\000\040\000G\000V\000C\000s\000,\000\040\000t\000h\000e\000\040\000S\000t\000a\000t\000e\000,\000\040\000a\000n\000d\000\040\000S\000t\000r\000u\000c\000t\000u\000r\000a\000l\000\040\000T\000r\000a\000n\000s\000f\000o\000r\000m\000a\000t\000i\000o\000n}{}% 2
\BOOKMARK [2][-]{subsection.2.1}{\376\377\000G\000l\000o\000b\000a\000l\000\040\000V\000a\000l\000u\000e\000\040\000C\000h\000a\000i\000n\000s\000:\000\040\000G\000o\000v\000e\000r\000n\000a\000n\000c\000e\000,\000\040\000U\000p\000g\000r\000a\000d\000i\000n\000g\000,\000\040\000a\000n\000d\000\040\000C\000o\000n\000t\000e\000m\000p\000o\000r\000a\000r\000y\000\040\000R\000e\000c\000o\000n\000f\000i\000g\000u\000r\000a\000t\000i\000o\000n\000s}{section.2}% 3
\BOOKMARK [2][-]{subsection.2.2}{\376\377\000T\000h\000e\000\040\000D\000e\000v\000e\000l\000o\000p\000m\000e\000n\000t\000a\000l\000\040\000S\000t\000a\000t\000e\000\040\000a\000n\000d\000\040\000t\000h\000e\000\040\000R\000e\000b\000i\000r\000t\000h\000\040\000o\000f\000\040\000I\000n\000d\000u\000s\000t\000r\000i\000a\000l\000\040\000P\000o\000l\000i\000c\000y}{section.2}% 4
\BOOKMARK [2][-]{subsection.2.3}{\376\377\000T\000h\000e\000\040\000F\000l\000y\000i\000n\000g\000\040\000G\000e\000e\000s\000e\000\040\000P\000a\000r\000a\000d\000i\000g\000m\000\040\000a\000n\000d\000\040\000S\000o\000u\000t\000h\000-\000S\000o\000u\000t\000h\000\040\000C\000o\000o\000p\000e\000r\000a\000t\000i\000o\000n}{section.2}% 5
\BOOKMARK [2][-]{subsection.2.4}{\376\377\000C\000o\000m\000p\000a\000r\000a\000t\000i\000v\000e\000\040\000D\000e\000v\000e\000l\000o\000p\000m\000e\000n\000t\000\040\000B\000e\000n\000c\000h\000m\000a\000r\000k\000s\000:\000\040\000V\000i\000e\000t\000n\000a\000m\000\040\000a\000n\000d\000\040\000T\000h\000a\000i\000l\000a\000n\000d}{section.2}% 6
\BOOKMARK [2][-]{subsection.2.5}{\376\377\000C\000e\000n\000t\000r\000a\000l\000\040\000A\000s\000i\000a\000n\000\040\000S\000t\000r\000u\000c\000t\000u\000r\000a\000l\000\040\000C\000o\000n\000s\000t\000r\000a\000i\000n\000t\000s\000\040\000a\000n\000d\000\040\000L\000a\000n\000d\000l\000o\000c\000k\000e\000d\000\040\000T\000h\000e\000o\000r\000y}{section.2}% 7
\BOOKMARK [2][-]{subsection.2.6}{\376\377\000T\000e\000c\000h\000n\000o\000l\000o\000g\000y\000\040\000T\000r\000a\000n\000s\000f\000e\000r\000\040\000a\000n\000d\000\040\000F\000D\000I\000\040\000S\000p\000i\000l\000l\000o\000v\000e\000r\000s}{section.2}% 8
\BOOKMARK [2][-]{subsection.2.7}{\376\377\000S\000y\000n\000t\000h\000e\000s\000i\000s\000:\000\040\000E\000c\000o\000n\000o\000m\000i\000c\000\040\000C\000o\000m\000p\000l\000e\000x\000i\000t\000y\000\040\000a\000n\000d\000\040\000U\000p\000g\000r\000a\000d\000i\000n\000g}{section.2}% 9
\BOOKMARK [1][-]{section.3}{\376\377\000D\000a\000t\000a\000\040\000a\000n\000d\000\040\000M\000e\000t\000h\000o\000d\000o\000l\000o\000g\000y}{}% 10
\BOOKMARK [2][-]{subsection.3.1}{\376\377\000D\000a\000t\000a\000\040\000S\000o\000u\000r\000c\000e\000s}{section.3}% 11
\BOOKMARK [2][-]{subsection.3.2}{\376\377\000S\000t\000r\000u\000c\000t\000u\000r\000a\000l\000\040\000B\000r\000e\000a\000k\000\040\000A\000n\000a\000l\000y\000s\000i\000s}{section.3}% 12
\BOOKMARK [2][-]{subsection.3.3}{\376\377\000R\000e\000g\000r\000e\000s\000s\000i\000o\000n\000\040\000A\000n\000a\000l\000y\000s\000i\000s}{section.3}% 13
\BOOKMARK [2][-]{subsection.3.4}{\376\377\000S\000c\000e\000n\000a\000r\000i\000o\000\040\000F\000o\000r\000e\000c\000a\000s\000t\000i\000n\000g}{section.3}% 14
\BOOKMARK [1][-]{section.4}{\376\377\000R\000e\000s\000e\000a\000r\000c\000h\000\040\000D\000e\000s\000i\000g\000n\000\040\000a\000n\000d\000\040\000M\000e\000t\000h\000o\000d\000o\000l\000o\000g\000y}{}% 15
\BOOKMARK [2][-]{subsection.4.1}{\376\377\000R\000e\000s\000e\000a\000r\000c\000h\000\040\000P\000h\000i\000l\000o\000s\000o\000p\000h\000y\000\040\000a\000n\000d\000\040\000O\000n\000t\000o\000l\000o\000g\000i\000c\000a\000l\000\040\000P\000o\000s\000i\000t\000i\000o\000n}{section.4}% 16
\BOOKMARK [2][-]{subsection.4.2}{\376\377\000R\000e\000s\000e\000a\000r\000c\000h\000\040\000D\000e\000s\000i\000g\000n\000:\000\040\000S\000e\000q\000u\000e\000n\000t\000i\000a\000l\000\040\000E\000x\000p\000l\000a\000n\000a\000t\000o\000r\000y\000\040\000M\000i\000x\000e\000d\000-\000M\000e\000t\000h\000o\000d\000s}{section.4}% 17
\BOOKMARK [2][-]{subsection.4.3}{\376\377\000V\000a\000r\000i\000a\000b\000l\000e\000\040\000O\000p\000e\000r\000a\000t\000i\000o\000n\000a\000l\000i\000s\000a\000t\000i\000o\000n}{section.4}% 18
\BOOKMARK [2][-]{subsection.4.4}{\376\377\000D\000a\000t\000a\000\040\000S\000o\000u\000r\000c\000e\000s\000\040\000a\000n\000d\000\040\000A\000P\000I\000\040\000E\000n\000d\000p\000o\000i\000n\000t\000s}{section.4}% 19
\BOOKMARK [2][-]{subsection.4.5}{\376\377\000E\000m\000p\000i\000r\000i\000c\000a\000l\000\040\000M\000o\000d\000e\000l\000s}{section.4}% 20
\BOOKMARK [3][-]{subsubsection.4.5.1}{\376\377\000C\000h\000o\000w\000\040\000S\000t\000r\000u\000c\000t\000u\000r\000a\000l\000\040\000B\000r\000e\000a\000k\000\040\000T\000e\000s\000t}{subsection.4.5}% 21
\BOOKMARK [3][-]{subsubsection.4.5.2}{\376\377\000O\000L\000S\000\040\000R\000e\000g\000r\000e\000s\000s\000i\000o\000n\000:\000\040\000M\000a\000n\000u\000f\000a\000c\000t\000u\000r\000i\000n\000g\000\040\000V\000a\000l\000u\000e\000\040\000A\000d\000d\000e\000d}{subsection.4.5}% 22
\BOOKMARK [3][-]{subsubsection.4.5.3}{\376\377\000O\000L\000S\000\040\000R\000e\000g\000r\000e\000s\000s\000i\000o\000n\000:\000\040\000E\000c\000o\000n\000o\000m\000i\000c\000\040\000C\000o\000m\000p\000l\000e\000x\000i\000t\000y}{subsection.4.5}% 23
\BOOKMARK [3][-]{subsubsection.4.5.4}{\376\377\000S\000c\000e\000n\000a\000r\000i\000o\000\040\000F\000o\000r\000e\000c\000a\000s\000t\000i\000n\000g}{subsection.4.5}% 24
\BOOKMARK [2][-]{subsection.4.6}{\376\377\000S\000c\000o\000p\000e\000,\000\040\000L\000i\000m\000i\000t\000a\000t\000i\000o\000n\000s\000,\000\040\000a\000n\000d\000\040\000R\000o\000b\000u\000s\000t\000n\000e\000s\000s}{section.4}% 25
\BOOKMARK [1][-]{section.5}{\376\377\000S\000t\000r\000u\000c\000t\000u\000r\000a\000l\000\040\000B\000r\000e\000a\000k\000\040\000A\000n\000a\000l\000y\000s\000i\000s\000:\000\040\000T\000h\000e\000\040\0002\0000\0001\0007\000\040\000R\000e\000f\000o\000r\000m\000\040\000a\000s\000\040\000a\000\040\000M\000a\000n\000u\000f\000a\000c\000t\000u\000r\000i\000n\000g\000\040\000T\000u\000r\000n\000i\000n\000g\000\040\000P\000o\000i\000n\000t}{}% 26
\BOOKMARK [1][-]{section.6}{\376\377\000R\000e\000v\000e\000a\000l\000e\000d\000\040\000C\000o\000m\000p\000a\000r\000a\000t\000i\000v\000e\000\040\000A\000d\000v\000a\000n\000t\000a\000g\000e\000:\000\040\000E\000x\000p\000o\000r\000t\000\040\000S\000o\000p\000h\000i\000s\000t\000i\000c\000a\000t\000i\000o\000n\000\040\000a\000n\000d\000\040\000I\000t\000s\000\040\000L\000i\000m\000i\000t\000s}{}% 27
\BOOKMARK [2][-]{subsection.6.1}{\376\377\000O\000v\000e\000r\000a\000l\000l\000\040\000R\000C\000A\000\040\000S\000t\000r\000u\000c\000t\000u\000r\000e}{section.6}% 28
\BOOKMARK [2][-]{subsection.6.2}{\376\377\000M\000a\000n\000u\000f\000a\000c\000t\000u\000r\000i\000n\000g\000-\000S\000e\000c\000t\000o\000r\000\040\000R\000C\000A\000\040\000D\000y\000n\000a\000m\000i\000c\000s}{section.6}% 29
\BOOKMARK [1][-]{section.7}{\376\377\000N\000o\000r\000t\000h\000e\000a\000s\000t\000\040\000A\000s\000i\000a\000n\000\040\000T\000r\000a\000d\000e\000\040\000a\000n\000d\000\040\000F\000D\000I\000\040\000F\000l\000o\000w\000s}{}% 30
\BOOKMARK [2][-]{subsection.7.1}{\376\377\000B\000i\000l\000a\000t\000e\000r\000a\000l\000\040\000T\000r\000a\000d\000e\000\040\000D\000y\000n\000a\000m\000i\000c\000s}{section.7}% 31
\BOOKMARK [2][-]{subsection.7.2}{\376\377\000I\000n\000t\000e\000r\000m\000e\000d\000i\000a\000t\000e\000\040\000G\000o\000o\000d\000s\000\040\000C\000o\000m\000p\000o\000s\000i\000t\000i\000o\000n}{section.7}% 32
\BOOKMARK [2][-]{subsection.7.3}{\376\377\000F\000D\000I\000\040\000O\000r\000i\000g\000i\000n\000\040\000S\000t\000r\000u\000c\000t\000u\000r\000e}{section.7}% 33
\BOOKMARK [1][-]{section.8}{\376\377\000T\000r\000a\000d\000e\000\040\000N\000e\000t\000w\000o\000r\000k\000\040\000A\000n\000a\000l\000y\000s\000i\000s\000:\000\040\000V\000a\000l\000u\000e\000-\000C\000h\000a\000i\000n\000\040\000P\000o\000s\000i\000t\000i\000o\000n\000i\000n\000g}{}% 34
\BOOKMARK [2][-]{subsection.8.1}{\376\377\000V\000a\000l\000u\000e\000-\000C\000h\000a\000i\000n\000\040\000P\000o\000s\000i\000t\000i\000o\000n\000i\000n\000g\000\040\000M\000a\000p}{section.8}% 35
\BOOKMARK [2][-]{subsection.8.2}{\376\377\000I\000n\000t\000e\000r\000m\000e\000d\000i\000a\000t\000e\000\040\000G\000o\000o\000d\000s\000\040\000D\000e\000p\000e\000n\000d\000e\000n\000c\000e\000\040\000b\000y\000\040\000P\000a\000r\000t\000n\000e\000r}{section.8}% 36
\BOOKMARK [2][-]{subsection.8.3}{\376\377\000E\000x\000p\000o\000r\000t\000\040\000C\000o\000m\000p\000o\000s\000i\000t\000i\000o\000n\000:\000\040\000S\000t\000r\000u\000c\000t\000u\000r\000a\000l\000\040\000C\000h\000a\000n\000g\000e\000\040\0002\0000\0001\0000\040\023\0002\0000\0002\0003}{section.8}% 37
\BOOKMARK [2][-]{subsection.8.4}{\376\377\000R\000e\000-\000e\000x\000p\000o\000r\000t\000\040\000P\000o\000t\000e\000n\000t\000i\000a\000l\000\040\000T\000h\000r\000o\000u\000g\000h\000\040\000C\000e\000n\000t\000r\000a\000l\000\040\000A\000s\000i\000a\000n\000\040\000C\000o\000r\000r\000i\000d\000o\000r\000s}{section.8}% 38
\BOOKMARK [2][-]{subsection.8.5}{\376\377\000G\000V\000C\000\040\000P\000o\000s\000i\000t\000i\000o\000n\000i\000n\000g\000:\000\040\000B\000a\000c\000k\000w\000a\000r\000d\000\040\000a\000n\000d\000\040\000F\000o\000r\000w\000a\000r\000d\000\040\000I\000n\000t\000e\000g\000r\000a\000t\000i\000o\000n}{section.8}% 39
\BOOKMARK [1][-]{section.9}{\376\377\000C\000o\000m\000p\000a\000r\000a\000t\000i\000v\000e\000\040\000T\000r\000a\000j\000e\000c\000t\000o\000r\000y\000:\000\040\000U\000z\000b\000e\000k\000i\000s\000t\000a\000n\000\040\000a\000n\000d\000\040\000V\000i\000e\000t\000n\000a\000m}{}% 40
\BOOKMARK [1][-]{section.10}{\376\377\000T\000h\000a\000i\000l\000a\000n\000d\000\040\000C\000o\000m\000p\000a\000r\000a\000t\000i\000v\000e\000\040\000B\000e\000n\000c\000h\000m\000a\000r\000k\000i\000n\000g\000:\000\040\000T\000h\000e\000\040\000E\000a\000s\000t\000e\000r\000n\000\040\000S\000e\000a\000b\000o\000a\000r\000d\000\040\000M\000o\000d\000e\000l}{}% 41
\BOOKMARK [2][-]{subsection.10.1}{\376\377\000R\000a\000t\000i\000o\000n\000a\000l\000e\000\040\000f\000o\000r\000\040\000t\000h\000e\000\040\000T\000h\000a\000i\000l\000a\000n\000d\000\040\000C\000o\000m\000p\000a\000r\000a\000t\000o\000r}{section.10}% 42
\BOOKMARK [2][-]{subsection.10.2}{\376\377\000T\000h\000a\000i\000l\000a\000n\000d\000'\000s\000\040\000I\000n\000d\000u\000s\000t\000r\000i\000a\000l\000i\000s\000a\000t\000i\000o\000n\000\040\000P\000a\000t\000h\000w\000a\000y}{section.10}% 43
\BOOKMARK [2][-]{subsection.10.3}{\376\377\000C\000o\000m\000p\000a\000r\000a\000t\000i\000v\000e\000\040\000B\000e\000n\000c\000h\000m\000a\000r\000k\000i\000n\000g\000:\000\040\000T\000h\000a\000i\000l\000a\000n\000d\000,\000\040\000V\000i\000e\000t\000n\000a\000m\000,\000\040\000a\000n\000d\000\040\000U\000z\000b\000e\000k\000i\000s\000t\000a\000n}{section.10}% 44
\BOOKMARK [2][-]{subsection.10.4}{\376\377\000T\000h\000e\000\040\000A\000u\000t\000o\000m\000o\000t\000i\000v\000e\000\040\000S\000e\000c\000t\000o\000r\000\040\000P\000a\000r\000a\000l\000l\000e\000l}{section.10}% 45
\BOOKMARK [1][-]{section.11}{\376\377\000I\000n\000s\000t\000i\000t\000u\000t\000i\000o\000n\000a\000l\000\040\000R\000e\000a\000d\000i\000n\000e\000s\000s\000\040\000f\000o\000r\000\040\000G\000V\000C\000\040\000I\000n\000t\000e\000g\000r\000a\000t\000i\000o\000n}{}% 46
\BOOKMARK [2][-]{subsection.11.1}{\376\377\000A\000n\000a\000l\000y\000t\000i\000c\000a\000l\000\040\000F\000r\000a\000m\000e\000w\000o\000r\000k\000:\000\040\000I\000n\000s\000t\000i\000t\000u\000t\000i\000o\000n\000s\000\040\000a\000s\000\040\000G\000V\000C\000\040\000E\000n\000t\000r\000y\000\040\000C\000o\000n\000d\000i\000t\000i\000o\000n\000s}{section.11}% 47
\BOOKMARK [2][-]{subsection.11.2}{\376\377\000W\000o\000r\000l\000d\000\040\000G\000o\000v\000e\000r\000n\000a\000n\000c\000e\000\040\000I\000n\000d\000i\000c\000a\000t\000o\000r\000s\000:\000\040\000U\000z\000b\000e\000k\000i\000s\000t\000a\000n\000\040\000i\000n\000\040\000C\000o\000m\000p\000a\000r\000a\000t\000i\000v\000e\000\040\000P\000e\000r\000s\000p\000e\000c\000t\000i\000v\000e}{section.11}% 48
\BOOKMARK [2][-]{subsection.11.3}{\376\377\000R\000e\000g\000u\000l\000a\000t\000o\000r\000y\000\040\000Q\000u\000a\000l\000i\000t\000y\000:\000\040\000I\000n\000v\000e\000s\000t\000m\000e\000n\000t\000\040\000C\000l\000i\000m\000a\000t\000e\000\040\000D\000i\000m\000e\000n\000s\000i\000o\000n\000s}{section.11}% 49
\BOOKMARK [2][-]{subsection.11.4}{\376\377\000I\000n\000v\000e\000s\000t\000m\000e\000n\000t\000\040\000T\000r\000e\000a\000t\000y\000\040\000A\000r\000c\000h\000i\000t\000e\000c\000t\000u\000r\000e}{section.11}% 50
\BOOKMARK [2][-]{subsection.11.5}{\376\377\000H\000u\000m\000a\000n\000\040\000C\000a\000p\000i\000t\000a\000l\000:\000\040\000T\000h\000e\000\040\000S\000k\000i\000l\000l\000\040\000S\000u\000p\000p\000l\000y\000\040\000C\000o\000n\000s\000t\000r\000a\000i\000n\000t}{section.11}% 51
\BOOKMARK [2][-]{subsection.11.6}{\376\377\000S\000y\000n\000t\000h\000e\000s\000i\000s\000:\000\040\000T\000h\000e\000\040\000I\000n\000s\000t\000i\000t\000u\000t\000i\000o\000n\000a\000l\000\040\000G\000a\000p\000\040\000S\000c\000o\000r\000e}{section.11}% 52
\BOOKMARK [1][-]{section.12}{\376\377\000S\000p\000e\000c\000i\000a\000l\000\040\000E\000c\000o\000n\000o\000m\000i\000c\000\040\000Z\000o\000n\000e\000\040\000E\000f\000f\000e\000c\000t\000i\000v\000e\000n\000e\000s\000s}{}% 53
\BOOKMARK [2][-]{subsection.12.1}{\376\377\000T\000h\000e\000\040\000T\000h\000e\000o\000r\000e\000t\000i\000c\000a\000l\000\040\000R\000o\000l\000e\000\040\000o\000f\000\040\000S\000E\000Z\000s\000\040\000i\000n\000\040\000G\000V\000C\000\040\000E\000m\000b\000e\000d\000d\000i\000n\000g}{section.12}% 54
\BOOKMARK [2][-]{subsection.12.2}{\376\377\000U\000z\000b\000e\000k\000i\000s\000t\000a\000n\000'\000s\000\040\000S\000E\000Z\000\040\000L\000a\000n\000d\000s\000c\000a\000p\000e}{section.12}% 55
\BOOKMARK [2][-]{subsection.12.3}{\376\377\000S\000E\000Z\000\040\000I\000n\000c\000e\000n\000t\000i\000v\000e\000\040\000S\000t\000r\000u\000c\000t\000u\000r\000e}{section.12}% 56
\BOOKMARK [2][-]{subsection.12.4}{\376\377\000T\000h\000e\000\040\000N\000a\000v\000o\000i\000y\000\040\000M\000o\000d\000e\000l\000:\000\040\000A\000v\000i\000a\000t\000i\000o\000n\000\040\000L\000o\000g\000i\000s\000t\000i\000c\000s\000\040\000a\000s\000\040\000a\000\040\000L\000a\000n\000d\000l\000o\000c\000k\000e\000d\000\040\000G\000V\000C\000\040\000S\000o\000l\000u\000t\000i\000o\000n}{section.12}% 57
\BOOKMARK [2][-]{subsection.12.5}{\376\377\000S\000E\000Z\000\040\000P\000e\000r\000f\000o\000r\000m\000a\000n\000c\000e\000\040\000A\000s\000s\000e\000s\000s\000m\000e\000n\000t\000:\000\040\000A\000\040\000C\000o\000m\000p\000a\000r\000a\000t\000i\000v\000e\000\040\000S\000c\000o\000r\000e\000c\000a\000r\000d}{section.12}% 58
\BOOKMARK [1][-]{section.13}{\376\377\000S\000t\000r\000u\000c\000t\000u\000r\000a\000l\000\040\000C\000o\000n\000s\000t\000r\000a\000i\000n\000t\000s\000\040\000o\000n\000\040\000G\000V\000C\000\040\000I\000n\000t\000e\000g\000r\000a\000t\000i\000o\000n}{}% 59
\BOOKMARK [2][-]{subsection.13.1}{\376\377\000A\000\040\000F\000r\000a\000m\000e\000w\000o\000r\000k\000\040\000f\000o\000r\000\040\000C\000o\000n\000s\000t\000r\000a\000i\000n\000t\000\040\000A\000n\000a\000l\000y\000s\000i\000s}{section.13}% 60
\BOOKMARK [2][-]{subsection.13.2}{\376\377\000C\000o\000n\000s\000t\000r\000a\000i\000n\000t\000\040\0001\000:\000\040\000L\000a\000n\000d\000l\000o\000c\000k\000e\000d\000n\000e\000s\000s\000\040\000a\000n\000d\000\040\000T\000r\000a\000n\000s\000i\000t\000\040\000C\000o\000s\000t\000s}{section.13}% 61
\BOOKMARK [2][-]{subsection.13.3}{\376\377\000C\000o\000n\000s\000t\000r\000a\000i\000n\000t\000\040\0002\000:\000\040\000E\000n\000e\000r\000g\000y\000\040\000a\000n\000d\000\040\000U\000t\000i\000l\000i\000t\000y\000\040\000I\000n\000f\000r\000a\000s\000t\000r\000u\000c\000t\000u\000r\000e}{section.13}% 62
\BOOKMARK [2][-]{subsection.13.4}{\376\377\000C\000o\000n\000s\000t\000r\000a\000i\000n\000t\000\040\0003\000:\000\040\000F\000i\000n\000a\000n\000c\000i\000a\000l\000\040\000S\000e\000c\000t\000o\000r\000\040\000D\000e\000p\000t\000h\000\040\000a\000n\000d\000\040\000T\000r\000a\000d\000e\000\040\000F\000i\000n\000a\000n\000c\000e}{section.13}% 63
\BOOKMARK [2][-]{subsection.13.5}{\376\377\000C\000o\000n\000s\000t\000r\000a\000i\000n\000t\000\040\0004\000:\000\040\000P\000o\000l\000i\000t\000i\000c\000a\000l\000\040\000E\000c\000o\000n\000o\000m\000y\000\040\000o\000f\000\040\000R\000e\000f\000o\000r\000m\000\040\000C\000o\000n\000t\000i\000n\000u\000i\000t\000y}{section.13}% 64
\BOOKMARK [2][-]{subsection.13.6}{\376\377\000C\000o\000n\000s\000t\000r\000a\000i\000n\000t\000\040\000H\000i\000e\000r\000a\000r\000c\000h\000y\000\040\000a\000n\000d\000\040\000t\000h\000e\000\040\000B\000i\000n\000d\000i\000n\000g\000\040\000C\000o\000n\000s\000t\000r\000a\000i\000n\000t}{section.13}% 65
\BOOKMARK [1][-]{section.14}{\376\377\000R\000e\000g\000r\000e\000s\000s\000i\000o\000n\000\040\000A\000n\000a\000l\000y\000s\000i\000s}{}% 66
\BOOKMARK [1][-]{section.15}{\376\377\000S\000c\000e\000n\000a\000r\000i\000o\000\040\000F\000o\000r\000e\000c\000a\000s\000t\000s\000:\000\040\000M\000a\000n\000u\000f\000a\000c\000t\000u\000r\000i\000n\000g\000\040\000V\000a\000l\000u\000e\000\040\000A\000d\000d\000e\000d\000\040\000t\000h\000r\000o\000u\000g\000h\000\040\0002\0000\0003\0000}{}% 67
\BOOKMARK [1][-]{section.16}{\376\377\000M\000e\000c\000h\000a\000n\000i\000s\000m\000s\000:\000\040\000T\000r\000a\000d\000e\000\040\000O\000p\000e\000n\000n\000e\000s\000s\000,\000\040\000E\000C\000I\000,\000\040\000a\000n\000d\000\040\000t\000h\000e\000\040\000C\000o\000m\000p\000l\000e\000x\000i\000t\000y\000\040\000T\000r\000a\000j\000e\000c\000t\000o\000r\000y}{}% 68
\BOOKMARK [1][-]{section.17}{\376\377\000D\000i\000s\000c\000u\000s\000s\000i\000o\000n\000:\000\040\000S\000y\000n\000t\000h\000e\000s\000i\000s\000,\000\040\000T\000h\000e\000o\000r\000y\000\040\000R\000e\000v\000i\000s\000i\000t\000e\000d\000,\000\040\000a\000n\000d\000\040\000t\000h\000e\000\040\000R\000o\000a\000d\000\040\000N\000o\000t\000\040\000T\000a\000k\000e\000n}{}% 69
\BOOKMARK [2][-]{subsection.17.1}{\376\377\000R\000e\000v\000i\000s\000i\000t\000i\000n\000g\000\040\000t\000h\000e\000\040\000C\000e\000n\000t\000r\000a\000l\000\040\000R\000e\000s\000e\000a\000r\000c\000h\000\040\000Q\000u\000e\000s\000t\000i\000o\000n}{section.17}% 70
\BOOKMARK [2][-]{subsection.17.2}{\376\377\000T\000h\000e\000\040\000F\000l\000y\000i\000n\000g\000\040\000G\000e\000e\000s\000e\000\040\000M\000e\000c\000h\000a\000n\000i\000s\000m\000:\000\040\000O\000p\000e\000r\000a\000t\000i\000n\000g\000\040\000B\000u\000t\000\040\000D\000i\000s\000t\000o\000r\000t\000e\000d}{section.17}% 71
\BOOKMARK [2][-]{subsection.17.3}{\376\377\000T\000h\000e\000\040\000V\000i\000e\000t\000n\000a\000m\000\040\000C\000o\000m\000p\000a\000r\000i\000s\000o\000n\000:\000\040\000W\000h\000a\000t\000\040\000U\000z\000b\000e\000k\000i\000s\000t\000a\000n\000\040\000H\000a\000s\000\040\000a\000n\000d\000\040\000H\000a\000s\000\040\000N\000o\000t\000\040\000R\000e\000p\000l\000i\000c\000a\000t\000e\000d}{section.17}% 72
\BOOKMARK [2][-]{subsection.17.4}{\376\377\000T\000h\000e\000\040\000T\000h\000a\000i\000l\000a\000n\000d\000\040\000C\000o\000m\000p\000a\000r\000i\000s\000o\000n\000:\000\040\000S\000e\000c\000t\000o\000r\000a\000l\000\040\000T\000a\000r\000g\000e\000t\000i\000n\000g\000\040\000o\000v\000e\000r\000\040\000S\000p\000a\000t\000i\000a\000l\000\040\000C\000o\000n\000c\000e\000n\000t\000r\000a\000t\000i\000o\000n}{section.17}% 73
\BOOKMARK [2][-]{subsection.17.5}{\376\377\000W\000T\000O\000\040\000A\000c\000c\000e\000s\000s\000i\000o\000n\000\040\000a\000s\000\040\000I\000n\000s\000t\000i\000t\000u\000t\000i\000o\000n\000a\000l\000\040\000L\000o\000c\000k\000-\000I\000n\000:\000\040\000T\000h\000e\000\040\000V\000i\000e\000t\000n\000a\000m\000\040\000P\000a\000r\000a\000l\000l\000e\000l}{section.17}% 74
\BOOKMARK [2][-]{subsection.17.6}{\376\377\000T\000h\000e\000\040\000L\000i\000m\000i\000t\000s\000\040\000o\000f\000\040\000T\000h\000i\000s\000\040\000A\000n\000a\000l\000y\000s\000i\000s}{section.17}% 75
\BOOKMARK [1][-]{section.18}{\376\377\000P\000o\000l\000i\000c\000y\000\040\000I\000m\000p\000l\000i\000c\000a\000t\000i\000o\000n\000s}{}% 76
\BOOKMARK [1][-]{section.19}{\376\377\000C\000o\000n\000c\000l\000u\000s\000i\000o\000n}{}% 77
\BOOKMARK [1][-]{appendix.1.A}{\376\377\000A\000d\000d\000i\000t\000i\000o\000n\000a\000l\000\040\000F\000i\000g\000u\000r\000e\000s}{}% 78
