\BOOKMARK [1][-]{section.1}{\376\377\000K\000i\000r\000i\000s\000h}{}% 1
\BOOKMARK [2][-]{subsection.1.1}{\376\377\000M\000a\000v\000z\000u\000n\000i\000n\000g\000\040\000d\000o\000l\000z\000a\000r\000b\000l\000i\000g\000i\000\040\000\050\000T\000o\000p\000i\000c\000\040\000j\000u\000s\000t\000i\000f\000i\000c\000a\000t\000i\000o\000n\000\051}{section.1}% 2
\BOOKMARK [2][-]{subsection.1.2}{\376\377\000T\000a\000d\000q\000i\000q\000o\000t\000\040\000m\000a\000q\000s\000a\000d\000i\000\040\000v\000a\000\040\000v\000a\000z\000i\000f\000a\000l\000a\000r\000i\000\040\000\050\000A\000i\000m\000s\000\040\000a\000n\000d\000\040\000o\000b\000j\000e\000c\000t\000i\000v\000e\000s\000\051}{section.1}% 3
\BOOKMARK [2][-]{subsection.1.3}{\376\377\000T\000a\000d\000q\000i\000q\000o\000t\000\040\000o\000b\000y\000e\000k\000t\000i\000\040\000v\000a\000\040\000p\000r\000e\000d\000m\000e\000t\000i\000\040\000\050\000O\000b\000j\000e\000c\000t\000\040\000a\000n\000d\000\040\000s\000u\000b\000j\000e\000c\000t\000\051}{section.1}% 4
\BOOKMARK [1][-]{section.2}{\376\377\000A\000d\000a\000b\000i\000y\000o\000t\000l\000a\000r\000\040\000S\000h\000a\000r\000h\000i}{}% 5
\BOOKMARK [2][-]{subsection.2.1}{\376\377\000G\000l\000o\000b\000a\000l\000\040\000V\000a\000l\000u\000e\000\040\000C\000h\000a\000i\000n\000\040\000T\000h\000e\000o\000r\000y}{section.2}% 6
\BOOKMARK [2][-]{subsection.2.2}{\376\377\000D\000e\000v\000e\000l\000o\000p\000m\000e\000n\000t\000a\000l\000\040\000S\000t\000a\000t\000e\000\040\000T\000h\000e\000o\000r\000y\000\040\000a\000n\000d\000\040\000I\000n\000d\000u\000s\000t\000r\000i\000a\000l\000\040\000P\000o\000l\000i\000c\000y}{section.2}% 7
\BOOKMARK [2][-]{subsection.2.3}{\376\377\000F\000D\000I\000\040\000a\000n\000d\000\040\000T\000e\000c\000h\000n\000o\000l\000o\000g\000y\000\040\000S\000p\000i\000l\000l\000o\000v\000e\000r\000s}{section.2}% 8
\BOOKMARK [2][-]{subsection.2.4}{\376\377\000E\000x\000p\000o\000r\000t\000-\000L\000e\000d\000\040\000v\000s\000\040\000I\000m\000p\000o\000r\000t\000-\000L\000e\000d\000\040\000I\000n\000d\000u\000s\000t\000r\000i\000a\000l\000i\000s\000a\000t\000i\000o\000n}{section.2}% 9
\BOOKMARK [2][-]{subsection.2.5}{\376\377\000V\000i\000e\000t\000n\000a\000m\000\040\000a\000n\000d\000\040\000T\000h\000a\000i\000l\000a\000n\000d\000\040\000G\000V\000C\000\040\000I\000n\000t\000e\000g\000r\000a\000t\000i\000o\000n}{section.2}% 10
\BOOKMARK [2][-]{subsection.2.6}{\376\377\000N\000o\000r\000t\000h\000e\000a\000s\000t\000\040\000A\000s\000i\000a\000n\000\040\000P\000r\000o\000d\000u\000c\000t\000i\000o\000n\000\040\000N\000e\000t\000w\000o\000r\000k\000s}{section.2}% 11
\BOOKMARK [2][-]{subsection.2.7}{\376\377\000C\000e\000n\000t\000r\000a\000l\000\040\000A\000s\000i\000a\000n\000\040\000S\000t\000r\000u\000c\000t\000u\000r\000a\000l\000\040\000C\000o\000n\000s\000t\000r\000a\000i\000n\000t\000s}{section.2}% 12
\BOOKMARK [2][-]{subsection.2.8}{\376\377\000S\000E\000Z\000\040\000a\000n\000d\000\040\000I\000n\000d\000u\000s\000t\000r\000i\000a\000l\000\040\000C\000l\000u\000s\000t\000e\000r\000\040\000L\000i\000t\000e\000r\000a\000t\000u\000r\000e}{section.2}% 13
\BOOKMARK [2][-]{subsection.2.9}{\376\377\000R\000e\000s\000e\000a\000r\000c\000h\000\040\000G\000a\000p}{section.2}% 14
\BOOKMARK [1][-]{section.3}{\376\377\000M\000e\000t\000o\000d\000o\000l\000o\000g\000i\000y\000a}{}% 15
\BOOKMARK [2][-]{subsection.3.1}{\376\377\000M\000a\000'\000l\000u\000m\000o\000t\000l\000a\000r\000\040\000b\000a\000z\000a\000s\000i\000\040\000\050\000D\000a\000t\000a\000\040\000S\000o\000u\000r\000c\000e\000s\000\051}{section.3}% 16
\BOOKMARK [2][-]{subsection.3.2}{\376\377\000E\000k\000o\000n\000o\000m\000e\000t\000r\000i\000k\000\040\000m\000o\000d\000e\000l\000l\000a\000r\000\040\000\050\000E\000c\000o\000n\000o\000m\000e\000t\000r\000i\000c\000\040\000M\000o\000d\000e\000l\000s\000\051}{section.3}% 17
\BOOKMARK [1][-]{section.4}{\376\377\000T\000a\000h\000l\000i\000l\000\040\000v\000a\000\040\000N\000a\000t\000i\000j\000a\000l\000a\000r}{}% 18
\BOOKMARK [2][-]{subsection.4.1}{\376\377\000E\000m\000p\000i\000r\000i\000k\000\040\000n\000a\000t\000i\000j\000a\000l\000a\000r\000\040\000v\000a\000\040\000t\000a\000h\000l\000i\000l}{section.4}% 19
\BOOKMARK [2][-]{subsection.4.2}{\376\377\000R\000C\000A\000\040\000i\000n\000d\000e\000k\000s\000i\000\040\000v\000a\000\040\000T\000a\000r\000m\000o\000q\000\040\000t\000a\000h\000l\000i\000l\000i}{section.4}% 20
\BOOKMARK [1][-]{section.5}{\376\377\000X\000u\000l\000o\000s\000a}{}% 21
